// Jest Snapshot v1, https://goo.gl/fbAQLP

exports[`Return GraphView 1`] = `""`;
