// Jest Snapshot v1, https://goo.gl/fbAQLP

exports[`Return DaysListView 1`] = `
<div
  className="days-container"
>
  
</div>
`;
